// Jest Snapshot v1, https://goo.gl/fbAQLP

exports[`Component | Banner renders correctly 1`] = `
.c0 {
  height: 300px;
  background-color: #0aa;
  color: #fff;
  margin: 5px;
  border-radius: 5px;
  display: -webkit-box;
  display: -webkit-flex;
  display: -ms-flexbox;
  display: flex;
  -webkit-box-pack: center;
  -webkit-justify-content: center;
  -ms-flex-pack: center;
  justify-content: center;
  -webkit-align-items: center;
  -webkit-box-align: center;
  -ms-flex-align: center;
  align-items: center;
}

<section
  className="c0"
>
  Banner
</section>
`;
